
> backend@1.0.0 test
> jest src/tests/post.test.js

  console.log
    [dotenv@17.2.3] injecting env (7) from .env -- tip: ≡ƒæÑ sync secrets across teammates & machines: https://dotenvx.com/ops

      at _log (node_modules/dotenv/lib/main.js:142:11)

FAIL src/tests/post.test.js
  Post API Integration Tests
    GET /api/posts (Pagination)
      ├ù should return posts with default limit of 20 (49 ms)
      ΓêÜ should respect custom limit (6 ms)
      ├ù should use cursor when provided (6 ms)
    GET /api/users/:username/posts (Optimization)
      Γùï skipped should use raw SQL for user timeline optimization

  ΓùÅ Post API Integration Tests ΓÇ║ GET /api/posts (Pagination) ΓÇ║ should return posts with default limit of 20

    TypeError: expect(received).toHaveLength(expected)

    Matcher error: received value must have a length property whose value must be a number

    Received has type:  object
    Received has value: {"data": [{"content": "Test Post", "id": 1, "isBookmarked": false, "isLiked": false, "isReposted": false, "user": {"username": "testuser"}}], "meta": {"limit": 20, "page": 1, "totalPages": null}}

      69 |                 take: 20
      70 |             }));
    > 71 |             expect(res.body).toHaveLength(1);
         |                              ^
      72 |         });
      73 |
      74 |         it('should respect custom limit', async () => {

      at Object.toHaveLength (src/tests/post.test.js:71:30)

  ΓùÅ Post API Integration Tests ΓÇ║ GET /api/posts (Pagination) ΓÇ║ should use cursor when provided

    expect(jest.fn()).toHaveBeenCalledWith(...expected)

    Expected: ObjectContaining {"cursor": {"id": 100}, "skip": 1}
    Received: {"include": {"_count": {"select": {"comments": true, "likes": true, "reposts": true}}, "bookmarks": {"select": {"userId": true}, "where": {"userId": 1}}, "likes": {"select": {"userId": true}, "where": {"userId": 1}}, "media": true, "poll": {"include": {"options": {"include": {"_count": {"select": {"votes": true}}}}, "votes": {"where": {"userId": 1}}}}, "reposts": {"select": {"userId": true}, "where": {"userId": 1}}, "user": {"select": {"avatar": true, "full_name": true, "id": true, "role": true, "username": true}}}, "orderBy": {"createdAt": "desc"}, "skip": 0, "take": 20}

    Number of calls: 1

      87 |             await request(app).get('/api/posts?cursor=100');
      88 |
    > 89 |             expect(mockPrisma.post.findMany).toHaveBeenCalledWith(expect.objectContaining({
         |                                              ^
      90 |                 cursor: { id: 100 },
      91 |                 skip: 1
      92 |             }));

      at Object.toHaveBeenCalledWith (src/tests/post.test.js:89:46)

Test Suites: 1 failed, 1 total
Tests:       2 failed, 1 skipped, 1 passed, 4 total
Snapshots:   0 total
Time:        1.562 s, estimated 2 s
Ran all test suites matching src/tests/post.test.js.
